frozen signature: 107 个 human symbol（不做任何增删/加权）
primary memory CD4（校正量的计算集）= 120,988
打分细胞集（CD4 T ∪ CD4 Treg）    = 235,994
raw 基因数 36,601；signature 命中 107/107

[PASS 1] 统计 detection frequency 与 mean normalized expression …
  1,277/120,988  0.0 分
  3,868/120,988  0.0 分
  6,095/120,988  0.0 分
  8,439/120,988  0.0 分
  21,187/120,988  0.0 分
  22,668/120,988  0.1 分
  23,183/120,988  0.1 分
  24,190/120,988  0.1 分
  25,314/120,988  0.1 分
  26,201/120,988  0.1 分
  28,062/120,988  0.1 分
  29,401/120,988  0.1 分
  40,543/120,988  0.1 分
  42,975/120,988  0.1 分
  44,285/120,988  0.1 分
  46,296/120,988  0.1 分
  48,342/120,988  0.1 分
  60,676/120,988  0.1 分
  61,897/120,988  0.1 分
  64,101/120,988  0.1 分
  65,774/120,988  0.1 分
  66,983/120,988  0.1 分
  68,764/120,988  0.1 分
  69,852/120,988  0.1 分
  82,488/120,988  0.2 分
  85,527/120,988  0.2 分
  89,543/120,988  0.2 分
  101,658/120,988  0.2 分
  103,007/120,988  0.2 分
  104,351/120,988  0.2 分
  106,338/120,988  0.2 分
  107,800/120,988  0.2 分
  120,557/120,988  0.2 分
  120,988/120,988  0.2 分
PASS 1 完成，用时 0.2 分

control universe = 28,167 个基因（det_f>0 且非 signature）
  注意：1 个 signature 基因在 primary memory CD4 内检出为 0：CLDN10
[采样] K=100, seed=20260915 …
  扩展半径分布：r=0 10,600 次，r≥1 100 次，最大 1
  匹配质量 det_f 中位数 sig 0.0915 vs ctrl 0.0941；mean_expr 中位数 sig 0.1331 vs ctrl 0.1385
  被用到的不同对照基因 6,774 个

[PASS 2] 对 235,994 个细胞计算 UCell × 101 组 …
